using System;
using System.Collections.Generic;
using System.ComponentModel.DataAnnotations;
using System.ComponentModel.DataAnnotations.Schema;

namespace E2ETest.Namespace
{
    public partial class PrimaryKeyWithSequence
    {
        public int PrimaryKeyWithSequenceId { get; set; }
        [Required]
        [MaxLength(20)]
        public string OtherColumn { get; set; }
    }
}
