using Microsoft.Data.Entity;
using Microsoft.Data.Entity.Metadata;

namespace E2E.Sqlite
{
    public partial class SelfRefFluentApiContext : DbContext
    {
        protected override void OnConfiguring(DbContextOptionsBuilder options)
        {
            options.UseSqlite(@"Data Source=SelfRefFluentApi.db;Cache=Private");
        }

        protected override void OnModelCreating(ModelBuilder modelBuilder)
        {
            modelBuilder.Entity<SelfRef>(entity =>
            {
                entity.Property(e => e.Id).HasColumnType("INTEGER");

                entity.Property(e => e.SelfForeignKey).HasColumnType("INTEGER");

                entity.HasOne(d => d.SelfForeignKeyNavigation).WithMany(p => p.InverseSelfForeignKeyNavigation).ForeignKey(d => d.SelfForeignKey);
            });
        }

        public virtual DbSet<SelfRef> SelfRef { get; set; }
    }
}